append_fsync r1: ok (18.705 s)
pwrite_inplace r1: ok (18.073 s)
ftruncate_grow r1: ok (18.07 s)
ftruncate_shrink r1: ok (18.114 s)
mmap_fd_open r1: ok (20.168 s)
mmap_fd_closed r1: ok (18.074 s)
sqlite_wal r1: ok (22.239 s)
rename_over_open r1: ok (18.074 s)
unlink_open r1: ok (18.578 s)
prealloc r1: ok (18.109 s)
second_writer_append r1: ok (18.288 s)
fsync_only r1: ok (18.104 s)
fullfsync_append r1: ok (18.188 s)
dup_close r1: ok (18.315 s)
open_trunc r1: ok (18.064 s)
futimes r1: ok (18.14 s)
fchmod r1: ok (18.467 s)
fsetxattr r1: ok (19.164 s)
clonefile_src r1: ok (19.087 s)
append_fsync r2: ok (18.18 s)
pwrite_inplace r2: ok (18.086 s)
ftruncate_grow r2: ok (18.451 s)
ftruncate_shrink r2: ok (18.204 s)
mmap_fd_open r2: ok (20.077 s)
mmap_fd_closed r2: ok (18.124 s)
sqlite_wal r2: ok (22.376 s)
rename_over_open r2: ok (18.267 s)
unlink_open r2: ok (18.756 s)
prealloc r2: ok (18.159 s)
second_writer_append r2: ok (18.203 s)
fsync_only r2: ok (18.096 s)
fullfsync_append r2: ok (19.283 s)
dup_close r2: ok (19.956 s)
open_trunc r2: ok (19.014 s)
futimes r2: ok (18.237 s)
fchmod r2: ok (18.19 s)
fsetxattr r2: ok (18.249 s)
clonefile_src r2: ok (18.339 s)
append_fsync r3: ok (18.071 s)
pwrite_inplace r3: ok (18.196 s)
ftruncate_grow r3: ok (18.067 s)
ftruncate_shrink r3: ok (18.209 s)
mmap_fd_open r3: ok (20.225 s)
mmap_fd_closed r3: ok (18.208 s)
sqlite_wal r3: ok (22.195 s)
rename_over_open r3: ok (18.263 s)
unlink_open r3: ok (18.894 s)
prealloc r3: ok (18.307 s)
second_writer_append r3: ok (18.127 s)
fsync_only r3: ok (18.081 s)
fullfsync_append r3: ok (18.082 s)
dup_close r3: ok (18.303 s)
open_trunc r3: ok (18.199 s)
futimes r3: ok (18.176 s)
fchmod r3: ok (18.05 s)
fsetxattr r3: ok (18.051 s)
clonefile_src r3: ok (18.069 s)
